{"ts":"2026-10-04T21:59:26.770+00:00","level":"INFO","request_id":"background","run_id":"-","trace_id":"-","span_id":"-","operation":"embedding","outcome":"ok","duration_ms":0.15}
{"ts":"2026-10-04T21:59:26.779+00:00","level":"INFO","request_id":"background","run_id":"-","trace_id":"-","span_id":"-","operation":"rag.ingest","outcome":"ok","duration_ms":8.71}
{"ts":"2026-10-04T21:59:26.781+00:00","level":"INFO","request_id":"background","run_id":"-","trace_id":"-","span_id":"-","operation":"embedding","outcome":"ok","duration_ms":0.1}
{"ts":"2026-10-04T21:59:26.783+00:00","level":"INFO","request_id":"background","run_id":"-","trace_id":"-","span_id":"-","operation":"rag.ingest","outcome":"ok","duration_ms":2.49}
{"ts":"2026-10-04T21:59:26.785+00:00","level":"INFO","request_id":"background","run_id":"-","trace_id":"-","span_id":"-","operation":"embedding","outcome":"ok","duration_ms":0.08}
{"ts":"2026-10-04T21:59:26.787+00:00","level":"INFO","request_id":"background","run_id":"-","trace_id":"-","span_id":"-","operation":"rag.ingest","outcome":"ok","duration_ms":2.25}
{"ts":"2026-10-04T21:59:26.789+00:00","level":"INFO","request_id":"background","run_id":"-","trace_id":"-","span_id":"-","operation":"embedding","outcome":"ok","duration_ms":0.07}
{"ts":"2026-10-04T21:59:26.791+00:00","level":"INFO","request_id":"background","run_id":"-","trace_id":"-","span_id":"-","operation":"rag.ingest","outcome":"ok","duration_ms":2.22}
{"ts":"2026-10-04T21:59:26.793+00:00","level":"INFO","request_id":"background","run_id":"-","trace_id":"-","span_id":"-","operation":"embedding","outcome":"ok","duration_ms":0.06}
{"ts":"2026-10-04T21:59:26.795+00:00","level":"INFO","request_id":"background","run_id":"-","trace_id":"-","span_id":"-","operation":"rag.ingest","outcome":"ok","duration_ms":1.89}
{"ts":"2026-10-04T21:59:26.797+00:00","level":"INFO","request_id":"background","run_id":"-","trace_id":"-","span_id":"-","operation":"lexical_retrieval","outcome":"ok","duration_ms":2.38}
{"ts":"2026-10-04T21:59:26.797+00:00","level":"INFO","request_id":"background","run_id":"-","trace_id":"-","span_id":"-","operation":"retrieval","outcome":"ok","duration_ms":2.52}
{"ts":"2026-10-04T21:59:26.799+00:00","level":"INFO","request_id":"background","run_id":"-","trace_id":"-","span_id":"-","operation":"lexical_retrieval","outcome":"ok","duration_ms":1.48}
{"ts":"2026-10-04T21:59:26.799+00:00","level":"INFO","request_id":"background","run_id":"-","trace_id":"-","span_id":"-","operation":"retrieval","outcome":"ok","duration_ms":1.6}
{"ts":"2026-10-04T21:59:26.801+00:00","level":"INFO","request_id":"background","run_id":"-","trace_id":"-","span_id":"-","operation":"lexical_retrieval","outcome":"ok","duration_ms":1.43}
{"ts":"2026-10-04T21:59:26.801+00:00","level":"INFO","request_id":"background","run_id":"-","trace_id":"-","span_id":"-","operation":"retrieval","outcome":"ok","duration_ms":1.57}
{"ts":"2026-10-04T21:59:26.801+00:00","level":"INFO","request_id":"background","run_id":"-","trace_id":"-","span_id":"-","operation":"embedding","outcome":"ok","duration_ms":0.06}
{"ts":"2026-10-04T21:59:26.803+00:00","level":"INFO","request_id":"background","run_id":"-","trace_id":"-","span_id":"-","operation":"vector_retrieval","outcome":"ok","duration_ms":2.16}
{"ts":"2026-10-04T21:59:26.803+00:00","level":"INFO","request_id":"background","run_id":"-","trace_id":"-","span_id":"-","operation":"retrieval","outcome":"ok","duration_ms":2.45}
{"ts":"2026-10-04T21:59:26.804+00:00","level":"INFO","request_id":"background","run_id":"-","trace_id":"-","span_id":"-","operation":"embedding","outcome":"ok","duration_ms":0.05}
{"ts":"2026-10-04T21:59:26.805+00:00","level":"INFO","request_id":"background","run_id":"-","trace_id":"-","span_id":"-","operation":"vector_retrieval","outcome":"ok","duration_ms":1.6}
{"ts":"2026-10-04T21:59:26.805+00:00","level":"INFO","request_id":"background","run_id":"-","trace_id":"-","span_id":"-","operation":"retrieval","outcome":"ok","duration_ms":1.91}
{"ts":"2026-10-04T21:59:26.806+00:00","level":"INFO","request_id":"background","run_id":"-","trace_id":"-","span_id":"-","operation":"embedding","outcome":"ok","duration_ms":0.08}
{"ts":"2026-10-04T21:59:26.808+00:00","level":"INFO","request_id":"background","run_id":"-","trace_id":"-","span_id":"-","operation":"vector_retrieval","outcome":"ok","duration_ms":2.12}
{"ts":"2026-10-04T21:59:26.808+00:00","level":"INFO","request_id":"background","run_id":"-","trace_id":"-","span_id":"-","operation":"retrieval","outcome":"ok","duration_ms":2.67}
{"ts":"2026-10-04T21:59:26.808+00:00","level":"INFO","request_id":"background","run_id":"-","trace_id":"-","span_id":"-","operation":"embedding","outcome":"ok","duration_ms":0.06}
{"ts":"2026-10-04T21:59:26.810+00:00","level":"INFO","request_id":"background","run_id":"-","trace_id":"-","span_id":"-","operation":"vector_retrieval","outcome":"ok","duration_ms":1.84}
{"ts":"2026-10-04T21:59:26.812+00:00","level":"INFO","request_id":"background","run_id":"-","trace_id":"-","span_id":"-","operation":"lexical_retrieval","outcome":"ok","duration_ms":1.62}
{"ts":"2026-10-04T21:59:26.812+00:00","level":"INFO","request_id":"background","run_id":"-","trace_id":"-","span_id":"-","operation":"rank_fusion","outcome":"ok","duration_ms":0.03}
{"ts":"2026-10-04T21:59:26.812+00:00","level":"INFO","request_id":"background","run_id":"-","trace_id":"-","span_id":"-","operation":"retrieval","outcome":"ok","duration_ms":4.14}
{"ts":"2026-10-04T21:59:26.813+00:00","level":"INFO","request_id":"background","run_id":"-","trace_id":"-","span_id":"-","operation":"embedding","outcome":"ok","duration_ms":0.06}
{"ts":"2026-10-04T21:59:26.815+00:00","level":"INFO","request_id":"background","run_id":"-","trace_id":"-","span_id":"-","operation":"vector_retrieval","outcome":"ok","duration_ms":1.63}
{"ts":"2026-10-04T21:59:26.816+00:00","level":"INFO","request_id":"background","run_id":"-","trace_id":"-","span_id":"-","operation":"lexical_retrieval","outcome":"ok","duration_ms":1.56}
{"ts":"2026-10-04T21:59:26.816+00:00","level":"INFO","request_id":"background","run_id":"-","trace_id":"-","span_id":"-","operation":"rank_fusion","outcome":"ok","duration_ms":0.03}
{"ts":"2026-10-04T21:59:26.817+00:00","level":"INFO","request_id":"background","run_id":"-","trace_id":"-","span_id":"-","operation":"retrieval","outcome":"ok","duration_ms":3.9}
{"ts":"2026-10-04T21:59:26.817+00:00","level":"INFO","request_id":"background","run_id":"-","trace_id":"-","span_id":"-","operation":"embedding","outcome":"ok","duration_ms":0.07}
{"ts":"2026-10-04T21:59:26.819+00:00","level":"INFO","request_id":"background","run_id":"-","trace_id":"-","span_id":"-","operation":"vector_retrieval","outcome":"ok","duration_ms":1.63}
{"ts":"2026-10-04T21:59:26.820+00:00","level":"INFO","request_id":"background","run_id":"-","trace_id":"-","span_id":"-","operation":"lexical_retrieval","outcome":"ok","duration_ms":1.75}
{"ts":"2026-10-04T21:59:26.821+00:00","level":"INFO","request_id":"background","run_id":"-","trace_id":"-","span_id":"-","operation":"rank_fusion","outcome":"ok","duration_ms":0.03}
{"ts":"2026-10-04T21:59:26.821+00:00","level":"INFO","request_id":"background","run_id":"-","trace_id":"-","span_id":"-","operation":"retrieval","outcome":"ok","duration_ms":3.96}
{
  "dataset_version": 1,
  "embedding_space": "fake:sha256-bow-v1:256",
  "k": 5,
  "case_count": 3,
  "modes": {
    "lexical": {
      "recall_at_k": 1.0,
      "mrr_at_k": 1.0,
      "cases": [
        {
          "id": "certificate-document",
          "recall_at_k": 1.0,
          "mrr_at_k": 1.0,
          "retrieved_ids": [
            "11111111-1111-4111-8111-111111111111"
          ]
        },
        {
          "id": "restart-chunk",
          "recall_at_k": 1.0,
          "mrr_at_k": 1.0,
          "retrieved_ids": [
            "b01c22e2-ad7a-5ca5-a4dc-5b045234fa15",
            "7e33a39e-89ce-594e-82db-76f9424047ef"
          ]
        },
        {
          "id": "backup-document",
          "recall_at_k": 1.0,
          "mrr_at_k": 1.0,
          "retrieved_ids": [
            "33333333-3333-4333-8333-333333333333",
            "22222222-2222-4222-8222-222222222222"
          ]
        }
      ]
    },
    "vector": {
      "recall_at_k": 1.0,
      "mrr_at_k": 1.0,
      "cases": [
        {
          "id": "certificate-document",
          "recall_at_k": 1.0,
          "mrr_at_k": 1.0,
          "retrieved_ids": [
            "11111111-1111-4111-8111-111111111111",
            "44444444-4444-4444-8444-444444444444",
            "33333333-3333-4333-8333-333333333333",
            "22222222-2222-4222-8222-222222222222"
          ]
        },
        {
          "id": "restart-chunk",
          "recall_at_k": 1.0,
          "mrr_at_k": 1.0,
          "retrieved_ids": [
            "b01c22e2-ad7a-5ca5-a4dc-5b045234fa15",
            "7e33a39e-89ce-594e-82db-76f9424047ef",
            "8704ab9f-7c54-57a2-befd-420292425e4e",
            "088d8ffd-d9c3-579f-a392-8894d0c66bb2"
          ]
        },
        {
          "id": "backup-document",
          "recall_at_k": 1.0,
          "mrr_at_k": 1.0,
          "retrieved_ids": [
            "33333333-3333-4333-8333-333333333333",
            "22222222-2222-4222-8222-222222222222",
            "44444444-4444-4444-8444-444444444444",
            "11111111-1111-4111-8111-111111111111"
          ]
        }
      ]
    },
    "hybrid": {
      "recall_at_k": 1.0,
      "mrr_at_k": 1.0,
      "cases": [
        {
          "id": "certificate-document",
          "recall_at_k": 1.0,
          "mrr_at_k": 1.0,
          "retrieved_ids": [
            "11111111-1111-4111-8111-111111111111",
            "44444444-4444-4444-8444-444444444444",
            "33333333-3333-4333-8333-333333333333",
            "22222222-2222-4222-8222-222222222222"
          ]
        },
        {
          "id": "restart-chunk",
          "recall_at_k": 1.0,
          "mrr_at_k": 1.0,
          "retrieved_ids": [
            "b01c22e2-ad7a-5ca5-a4dc-5b045234fa15",
            "7e33a39e-89ce-594e-82db-76f9424047ef",
            "8704ab9f-7c54-57a2-befd-420292425e4e",
            "088d8ffd-d9c3-579f-a392-8894d0c66bb2"
          ]
        },
        {
          "id": "backup-document",
          "recall_at_k": 1.0,
          "mrr_at_k": 1.0,
          "retrieved_ids": [
            "33333333-3333-4333-8333-333333333333",
            "22222222-2222-4222-8222-222222222222",
            "44444444-4444-4444-8444-444444444444",
            "11111111-1111-4111-8111-111111111111"
          ]
        }
      ]
    }
  }
}
