 Network opspilot-phase4-cleanroom_default Creating
 Network opspilot-phase4-cleanroom_default Creating
 Volume opspilot-phase4-cleanroom_postgres_data Creating
 Volume opspilot-phase4-cleanroom_postgres_data Creating
 Volume opspilot-phase4-cleanroom_postgres_data Created
 Volume opspilot-phase4-cleanroom_postgres_data Created
 Network opspilot-phase4-cleanroom_default Created
 Network opspilot-phase4-cleanroom_default Created
 Container opspilot-phase4-cleanroom-fake-gitlab-1 Creating
 Container opspilot-phase4-cleanroom-db-1 Creating
 Container opspilot-phase4-cleanroom-db-1 Created
 Container opspilot-phase4-cleanroom-fake-gitlab-1 Created
 Container opspilot-phase4-cleanroom-migrate-1 Creating
 Container opspilot-phase4-cleanroom-migrate-1 Created
 Container opspilot-phase4-cleanroom-api-1 Creating
 Container opspilot-phase4-cleanroom-api-1 Created
 Container opspilot-phase4-cleanroom-fake-gitlab-1 Starting
 Container opspilot-phase4-cleanroom-db-1 Starting
 Container opspilot-phase4-cleanroom-fake-gitlab-1 Started
 Container opspilot-phase4-cleanroom-db-1 Started
 Container opspilot-phase4-cleanroom-db-1 Waiting
 Container opspilot-phase4-cleanroom-db-1 Healthy
 Container opspilot-phase4-cleanroom-migrate-1 Starting
 Container opspilot-phase4-cleanroom-migrate-1 Started
 Container opspilot-phase4-cleanroom-migrate-1 Waiting
 Container opspilot-phase4-cleanroom-fake-gitlab-1 Waiting
 Container opspilot-phase4-cleanroom-fake-gitlab-1 Healthy
 Container opspilot-phase4-cleanroom-migrate-1 Exited
 Container opspilot-phase4-cleanroom-api-1 Starting
 Container opspilot-phase4-cleanroom-api-1 Started
 Container opspilot-phase4-cleanroom-fake-gitlab-1 Waiting
 Container opspilot-phase4-cleanroom-api-1 Waiting
 Container opspilot-phase4-cleanroom-db-1 Waiting
 Container opspilot-phase4-cleanroom-migrate-1 Waiting
 Container opspilot-phase4-cleanroom-fake-gitlab-1 Healthy
 Container opspilot-phase4-cleanroom-migrate-1 Exited
 Container opspilot-phase4-cleanroom-db-1 Healthy
 Container opspilot-phase4-cleanroom-api-1 Healthy
