 Container opspilot-phase4-release-db-1 Running
 Container opspilot-phase4-release-fake-gitlab-1 Running
 Container opspilot-phase4-release-api-1 Recreate
 Container opspilot-phase4-release-api-1 Recreated
 Container opspilot-phase4-release-db-1 Waiting
 Container opspilot-phase4-release-db-1 Healthy
 Container opspilot-phase4-release-migrate-1 Starting
 Container opspilot-phase4-release-migrate-1 Started
 Container opspilot-phase4-release-fake-gitlab-1 Waiting
 Container opspilot-phase4-release-migrate-1 Waiting
 Container opspilot-phase4-release-fake-gitlab-1 Healthy
 Container opspilot-phase4-release-migrate-1 Exited
 Container opspilot-phase4-release-api-1 Starting
 Container opspilot-phase4-release-api-1 Started
 Container opspilot-phase4-release-api-1 Waiting
 Container opspilot-phase4-release-fake-gitlab-1 Waiting
 Container opspilot-phase4-release-db-1 Waiting
 Container opspilot-phase4-release-migrate-1 Waiting
 Container opspilot-phase4-release-fake-gitlab-1 Healthy
 Container opspilot-phase4-release-migrate-1 Exited
 Container opspilot-phase4-release-db-1 Healthy
 Container opspilot-phase4-release-api-1 Healthy
