 Container opspilot-phase4-release-otel-collector-1 Stopping
 Container opspilot-phase4-release-api-1 Stopping
 Container opspilot-phase4-release-otel-collector-1 Stopped
 Container opspilot-phase4-release-otel-collector-1 Removing
 Container opspilot-phase4-release-otel-collector-1 Removed
 Container opspilot-phase4-release-jaeger-1 Stopping
 Container opspilot-phase4-release-jaeger-1 Stopped
 Container opspilot-phase4-release-jaeger-1 Removing
 Container opspilot-phase4-release-jaeger-1 Removed
 Container opspilot-phase4-release-api-1 Stopped
 Container opspilot-phase4-release-api-1 Removing
 Container opspilot-phase4-release-api-1 Removed
 Container opspilot-phase4-release-fake-gitlab-1 Stopping
 Container opspilot-phase4-release-migrate-1 Stopping
 Container opspilot-phase4-release-migrate-1 Stopped
 Container opspilot-phase4-release-migrate-1 Removing
 Container opspilot-phase4-release-migrate-1 Removed
 Container opspilot-phase4-release-db-1 Stopping
 Container opspilot-phase4-release-db-1 Stopped
 Container opspilot-phase4-release-db-1 Removing
 Container opspilot-phase4-release-db-1 Removed
 Container opspilot-phase4-release-fake-gitlab-1 Stopped
 Container opspilot-phase4-release-fake-gitlab-1 Removing
 Container opspilot-phase4-release-fake-gitlab-1 Removed
 Network opspilot-phase4-release_default Removing
 Network opspilot-phase4-release_default Removed
